AR lfsr1 rtl "C:/Users/Jesus Anaya/Documents/Clases/LaboratorioDeSistemasDigitales/Tetris2.0/lfsr1.vhd" sub00/vhpl29 1543911996
EN display NULL "C:/Users/Jesus Anaya/Documents/Clases/LaboratorioDeSistemasDigitales/Tetris2.0/DISPLAY.vhd" sub00/vhpl16 1543911999
EN clk_500hz NULL "C:/Users/Jesus Anaya/Documents/Clases/LaboratorioDeSistemasDigitales/Tetris2.0/CLK_500HZ.vhd" sub00/vhpl04 1543911981
AR decoder_logo behavioral "C:/Users/Jesus Anaya/Documents/Clases/LaboratorioDeSistemasDigitales/Tetris2.0/DECODER_LOGO.vhd" sub00/vhpl23 1543911976
AR display behavioral "C:/Users/Jesus Anaya/Documents/Clases/LaboratorioDeSistemasDigitales/Tetris2.0/DISPLAY.vhd" sub00/vhpl17 1543912000
AR clk_figura2 comportamiento "C:/Users/Jesus Anaya/Documents/Clases/LaboratorioDeSistemasDigitales/Tetris2.0/CLK_FIGURA2.vhd" sub00/vhpl27 1543911984
EN decoder_logo NULL "C:/Users/Jesus Anaya/Documents/Clases/LaboratorioDeSistemasDigitales/Tetris2.0/DECODER_LOGO.vhd" sub00/vhpl22 1543911975
EN jk NULL "C:/Users/Jesus Anaya/Documents/Clases/LaboratorioDeSistemasDigitales/Tetris2.0/JK.vhd" sub00/vhpl18 1543911997
AR clk_figura comportamiento "C:/Users/Jesus Anaya/Documents/Clases/LaboratorioDeSistemasDigitales/Tetris2.0/CLK_FIGURA.vhd" sub00/vhpl03 1543911980
EN debounce NULL "C:/Users/Jesus Anaya/Documents/Clases/LaboratorioDeSistemasDigitales/Tetris2.0/DEBOUNCE.vhd" sub00/vhpl06 1543911985
AR decoder behavioral "C:/Users/Jesus Anaya/Documents/Clases/LaboratorioDeSistemasDigitales/Tetris2.0/DECODER.vhd" sub00/vhpl11 1543911990
EN vga NULL "C:/Users/Jesus Anaya/Documents/Clases/LaboratorioDeSistemasDigitales/Tetris2.0/VGA.vhd" sub00/vhpl12 1543911991
AR logo_tetris behavioral "C:/Users/Jesus Anaya/Documents/Clases/LaboratorioDeSistemasDigitales/Tetris2.0/LOGO_TETRIS.vhd" sub00/vhpl25 1543911994
EN tetris_main NULL "C:/Users/Jesus Anaya/Documents/Clases/LaboratorioDeSistemasDigitales/Tetris2.0/MAIN.vhd" sub00/vhpl14 1543912001
EN clk_25mhz NULL "C:/Users/Jesus Anaya/Documents/Clases/LaboratorioDeSistemasDigitales/Tetris2.0/CLK_25MHz.vhd" sub00/vhpl00 1543911977
AR ram behavioral "C:/Users/Jesus Anaya/Documents/Clases/LaboratorioDeSistemasDigitales/Tetris2.0/RAM.vhd" sub00/vhpl09 1543911988
AR vga behavioral "C:/Users/Jesus Anaya/Documents/Clases/LaboratorioDeSistemasDigitales/Tetris2.0/VGA.vhd" sub00/vhpl13 1543911992
AR tetris_main behavioral "C:/Users/Jesus Anaya/Documents/Clases/LaboratorioDeSistemasDigitales/Tetris2.0/MAIN.vhd" sub00/vhpl15 1543912002
AR jk behavioral "C:/Users/Jesus Anaya/Documents/Clases/LaboratorioDeSistemasDigitales/Tetris2.0/JK.vhd" sub00/vhpl19 1543911998
AR clk_500hz behavioral "C:/Users/Jesus Anaya/Documents/Clases/LaboratorioDeSistemasDigitales/Tetris2.0/CLK_500HZ.vhd" sub00/vhpl05 1543911982
AR debounce behavioral "C:/Users/Jesus Anaya/Documents/Clases/LaboratorioDeSistemasDigitales/Tetris2.0/DEBOUNCE.vhd" sub00/vhpl07 1543911986
EN logo_tetris NULL "C:/Users/Jesus Anaya/Documents/Clases/LaboratorioDeSistemasDigitales/Tetris2.0/LOGO_TETRIS.vhd" sub00/vhpl24 1543911993
EN ram_tetris NULL "C:/Users/Jesus Anaya/Documents/Clases/LaboratorioDeSistemasDigitales/Tetris2.0/RAM_TETRIS.vhd" sub00/vhpl20 1543911973
EN ram NULL "C:/Users/Jesus Anaya/Documents/Clases/LaboratorioDeSistemasDigitales/Tetris2.0/RAM.vhd" sub00/vhpl08 1543911987
EN clk_figura2 NULL "C:/Users/Jesus Anaya/Documents/Clases/LaboratorioDeSistemasDigitales/Tetris2.0/CLK_FIGURA2.vhd" sub00/vhpl26 1543911983
AR ram_tetris behavioral "C:/Users/Jesus Anaya/Documents/Clases/LaboratorioDeSistemasDigitales/Tetris2.0/RAM_TETRIS.vhd" sub00/vhpl21 1543911974
EN decoder NULL "C:/Users/Jesus Anaya/Documents/Clases/LaboratorioDeSistemasDigitales/Tetris2.0/DECODER.vhd" sub00/vhpl10 1543911989
AR clk_25mhz behavioral "C:/Users/Jesus Anaya/Documents/Clases/LaboratorioDeSistemasDigitales/Tetris2.0/CLK_25MHz.vhd" sub00/vhpl01 1543911978
EN lfsr1 NULL "C:/Users/Jesus Anaya/Documents/Clases/LaboratorioDeSistemasDigitales/Tetris2.0/lfsr1.vhd" sub00/vhpl28 1543911995
EN clk_figura NULL "C:/Users/Jesus Anaya/Documents/Clases/LaboratorioDeSistemasDigitales/Tetris2.0/CLK_FIGURA.vhd" sub00/vhpl02 1543911979
